c:\users\user\source\repos\lab3(kubeczki)\lab3(kubeczki)\x64\debug\vc145.pdb
c:\users\user\source\repos\lab3(kubeczki)\lab3(kubeczki)\x64\debug\vc145.idb
c:\users\user\source\repos\lab3(kubeczki)\lab3(kubeczki)\x64\debug\kubki.obj
c:\users\user\source\repos\lab3(kubeczki)\lab3(kubeczki)\x64\debug\tsubstance.obj
c:\users\user\source\repos\lab3(kubeczki)\lab3(kubeczki)\x64\debug\tcup.obj
c:\users\user\source\repos\lab3(kubeczki)\lab3(kubeczki)\x64\debug\lab3(kubeczki).ilk
c:\users\user\source\repos\lab3(kubeczki)\x64\debug\lab3(kubeczki).pdb
c:\users\user\source\repos\lab3(kubeczki)\lab3(kubeczki)\x64\debug\lab3(kubeczki).tlog\cl.command.1.tlog
c:\users\user\source\repos\lab3(kubeczki)\lab3(kubeczki)\x64\debug\lab3(kubeczki).tlog\cl.items.tlog
c:\users\user\source\repos\lab3(kubeczki)\lab3(kubeczki)\x64\debug\lab3(kubeczki).tlog\cl.read.1.tlog
c:\users\user\source\repos\lab3(kubeczki)\lab3(kubeczki)\x64\debug\lab3(kubeczki).tlog\cl.write.1.tlog
c:\users\user\source\repos\lab3(kubeczki)\lab3(kubeczki)\x64\debug\lab3(kubeczki).tlog\link-cvtres.read.1.tlog
c:\users\user\source\repos\lab3(kubeczki)\lab3(kubeczki)\x64\debug\lab3(kubeczki).tlog\link-cvtres.write.1.tlog
c:\users\user\source\repos\lab3(kubeczki)\lab3(kubeczki)\x64\debug\lab3(kubeczki).tlog\link-rc.read.1.tlog
c:\users\user\source\repos\lab3(kubeczki)\lab3(kubeczki)\x64\debug\lab3(kubeczki).tlog\link-rc.write.1.tlog
c:\users\user\source\repos\lab3(kubeczki)\lab3(kubeczki)\x64\debug\lab3(kubeczki).tlog\link.3484-cvtres.read.1.tlog
c:\users\user\source\repos\lab3(kubeczki)\lab3(kubeczki)\x64\debug\lab3(kubeczki).tlog\link.3484-cvtres.write.1.tlog
c:\users\user\source\repos\lab3(kubeczki)\lab3(kubeczki)\x64\debug\lab3(kubeczki).tlog\link.3484-rc.read.1.tlog
c:\users\user\source\repos\lab3(kubeczki)\lab3(kubeczki)\x64\debug\lab3(kubeczki).tlog\link.3484-rc.write.1.tlog
c:\users\user\source\repos\lab3(kubeczki)\lab3(kubeczki)\x64\debug\lab3(kubeczki).tlog\link.3484.read.1.tlog
c:\users\user\source\repos\lab3(kubeczki)\lab3(kubeczki)\x64\debug\lab3(kubeczki).tlog\link.3484.read.2.tlog
c:\users\user\source\repos\lab3(kubeczki)\lab3(kubeczki)\x64\debug\lab3(kubeczki).tlog\link.3484.write.1.tlog
c:\users\user\source\repos\lab3(kubeczki)\lab3(kubeczki)\x64\debug\lab3(kubeczki).tlog\link.command.1.tlog
c:\users\user\source\repos\lab3(kubeczki)\lab3(kubeczki)\x64\debug\lab3(kubeczki).tlog\link.read.1.tlog
c:\users\user\source\repos\lab3(kubeczki)\lab3(kubeczki)\x64\debug\lab3(kubeczki).tlog\link.read.2.tlog
c:\users\user\source\repos\lab3(kubeczki)\lab3(kubeczki)\x64\debug\lab3(kubeczki).tlog\link.secondary.1.tlog
c:\users\user\source\repos\lab3(kubeczki)\lab3(kubeczki)\x64\debug\lab3(kubeczki).tlog\link.write.1.tlog
